nohup: ignoring input
2026-09-03 02:54:30 | run_094 | accuracy=0.7287
Threshold reached: 0.7287 > 0.5
Stopped current run PID 743616; continuing to next run
Monitoring continues for the next run...
2026-09-03 02:55:00 | run_095 | accuracy=0.0073
2026-09-03 02:55:30 | run_095 | accuracy=0.0061
2026-09-03 02:56:00 | run_095 | accuracy=0.0061
2026-09-03 02:56:30 | run_095 | accuracy=0.0098
2026-09-03 02:57:00 | run_095 | accuracy=0.0061
2026-09-03 02:57:30 | run_095 | accuracy=0.0049
2026-09-03 02:58:00 | run_095 | accuracy=0.0086
2026-09-03 02:58:30 | run_095 | accuracy=0.6181
Threshold reached: 0.6181 > 0.5
Stopped current run PID 743789; continuing to next run
Monitoring continues for the next run...
2026-09-03 02:59:00 | run_096 | accuracy=0.0091
2026-09-03 02:59:30 | run_096 | accuracy=0.0034
2026-09-03 03:00:00 | run_096 | accuracy=0.0045
2026-09-03 03:00:30 | run_096 | accuracy=0.0079
2026-09-03 03:01:00 | run_096 | accuracy=0.9183
Threshold reached: 0.9183 > 0.5
Stopped current run PID 744342; continuing to next run
Monitoring continues for the next run...
2026-09-03 03:01:30 | run_097 | accuracy=0.0046
2026-09-03 03:02:00 | run_097 | accuracy=0.0057
2026-09-03 03:02:31 | run_097 | accuracy=0.0034
2026-09-03 03:03:01 | run_097 | accuracy=0.0023
2026-09-03 03:03:31 | run_097 | accuracy=0.0046
2026-09-03 03:04:01 | run_097 | accuracy=0.0103
2026-09-03 03:04:31 | run_097 | accuracy=0.0057
2026-09-03 03:05:01 | run_097 | accuracy=0.0023
2026-09-03 03:05:31 | run_097 | accuracy=0.9977
Threshold reached: 0.9977 > 0.5
Stopped current run PID 744622; continuing to next run
Monitoring continues for the next run...
2026-09-03 03:06:01 | run_098 | accuracy=0.0110
2026-09-03 03:06:31 | run_098 | accuracy=0.0061
2026-09-03 03:07:01 | run_098 | accuracy=0.0098
2026-09-03 03:07:31 | run_098 | accuracy=0.0049
2026-09-03 03:08:01 | run_098 | accuracy=0.0085
2026-09-03 03:08:31 | run_098 | accuracy=0.0098
2026-09-03 03:09:01 | run_098 | accuracy=0.0049
2026-09-03 03:09:31 | run_098 | accuracy=0.0098
2026-09-03 03:10:01 | run_098 | accuracy=0.0098
2026-09-03 03:10:31 | run_098 | accuracy=0.0085
2026-09-03 03:11:01 | run_098 | accuracy=0.0061
2026-09-03 03:11:31 | run_098 | accuracy=0.0061
2026-09-03 03:12:02 | run_098 | accuracy=0.0098
2026-09-03 03:12:32 | run_098 | accuracy=0.0110
2026-09-03 03:13:02 | run_098 | accuracy=1.0000
Threshold reached: 1.0000 > 0.5
Stopped current run PID 744996; continuing to next run
Monitoring continues for the next run...
2026-09-03 03:13:32 | run_099 | accuracy=0.0055
2026-09-03 03:14:02 | run_099 | accuracy=0.0022
2026-09-03 03:14:32 | run_099 | accuracy=0.0077
2026-09-03 03:15:02 | run_099 | accuracy=0.0088
2026-09-03 03:15:32 | run_099 | accuracy=0.0099
2026-09-03 03:16:02 | run_099 | accuracy=0.0099
2026-09-03 03:16:32 | run_099 | accuracy=0.0055
2026-09-03 03:17:02 | run_099 | accuracy=0.0044
2026-09-03 03:17:32 | run_099 | accuracy=0.0044
2026-09-03 03:18:02 | run_099 | accuracy=0.0044
2026-09-03 03:18:32 | run_099 | accuracy=0.0077
2026-09-03 03:19:02 | run_099 | accuracy=0.0044
2026-09-03 03:19:32 | run_099 | accuracy=0.0154
2026-09-03 03:20:02 | run_099 | accuracy=0.0363
2026-09-03 03:20:32 | run_099 | accuracy=0.0857
2026-09-03 03:21:02 | run_099 | accuracy=0.1022
2026-09-03 03:21:32 | run_099 | accuracy=0.1077
2026-09-03 03:22:02 | run_099 | accuracy=0.1033
2026-09-03 03:22:33 | run_099 | accuracy=0.0967
2026-09-03 03:23:03 | run_099 | accuracy=0.1121
2026-09-03 03:23:33 | run_099 | accuracy=0.1077
2026-09-03 03:24:03 | run_099 | accuracy=0.1055
2026-09-03 03:24:33 | run_099 | accuracy=0.1132
2026-09-03 03:25:03 | run_099 | accuracy=0.1044
2026-09-03 03:25:33 | run_099 | accuracy=0.1077
2026-09-03 03:26:03 | run_099 | accuracy=0.1066
2026-09-03 03:26:33 | run_099 | accuracy=0.1066
2026-09-03 03:27:03 | run_099 | accuracy=0.1055
2026-09-03 03:27:33 | run_099 | accuracy=0.1044
2026-09-03 03:28:03 | run_099 | accuracy=0.1121
2026-09-03 03:28:33 | run_099 | accuracy=0.1044
2026-09-03 03:29:03 | run_099 | accuracy=0.1110
2026-09-03 03:29:33 | run_099 | accuracy=0.1066
2026-09-03 03:30:03 | run_099 | accuracy=0.1077
2026-09-03 03:30:33 | run_099 | accuracy=0.1110
2026-09-03 03:31:03 | run_099 | accuracy=0.1143
2026-09-03 03:31:33 | run_099 | accuracy=0.1110
2026-09-03 03:32:03 | run_099 | accuracy=0.1110
2026-09-03 03:32:34 | run_099 | accuracy=0.1198
2026-09-03 03:33:04 | run_099 | accuracy=0.1099
2026-09-03 03:33:34 | run_099 | accuracy=0.1099
2026-09-03 03:34:04 | run_099 | accuracy=0.1110
2026-09-03 03:34:34 | run_099 | accuracy=0.1121
2026-09-03 03:35:04 | run_099 | accuracy=0.1077
2026-09-03 03:35:34 | run_099 | accuracy=0.1121
2026-09-03 03:36:04 | run_099 | accuracy=0.1143
2026-09-03 03:36:34 | run_099 | accuracy=0.1154
2026-09-03 03:37:04 | run_099 | accuracy=0.1110
2026-09-03 03:37:34 | run_099 | accuracy=0.1121
2026-09-03 03:38:04 | run_099 | accuracy=0.1220
2026-09-03 03:38:34 | run_099 | accuracy=0.1132
2026-09-03 03:39:04 | run_099 | accuracy=0.1165
2026-09-03 03:39:34 | run_099 | accuracy=0.1187
2026-09-03 03:40:04 | run_099 | accuracy=0.1220
2026-09-03 03:40:34 | run_099 | accuracy=0.1143
2026-09-03 03:41:04 | run_099 | accuracy=0.1121
2026-09-03 03:41:34 | run_099 | accuracy=0.1066
2026-09-03 03:42:04 | run_099 | accuracy=0.1143
2026-09-03 03:42:35 | run_099 | accuracy=0.1143
2026-09-03 03:43:05 | run_099 | accuracy=0.1176
2026-09-03 03:43:35 | run_099 | accuracy=0.1099
2026-09-03 03:44:05 | run_099 | accuracy=0.1088
2026-09-03 03:44:35 | run_099 | accuracy=0.1110
2026-09-03 03:45:05 | run_099 | accuracy=0.1066
2026-09-03 03:45:35 | run_099 | accuracy=0.1220
2026-09-03 03:46:05 | run_099 | accuracy=0.1110
2026-09-03 03:46:35 | run_099 | accuracy=0.1154
2026-09-03 03:47:05 | run_099 | accuracy=0.1165
2026-09-03 03:47:35 | run_099 | accuracy=0.1165
2026-09-03 03:48:05 | run_099 | accuracy=0.1198
2026-09-03 03:48:35 | run_099 | accuracy=0.1121
2026-09-03 03:49:05 | run_099 | accuracy=0.1187
2026-09-03 03:49:35 | run_099 | accuracy=0.1121
2026-09-03 03:50:05 | run_099 | accuracy=0.1110
2026-09-03 03:50:35 | run_099 | accuracy=0.1121
2026-09-03 03:51:05 | run_099 | accuracy=0.1066
2026-09-03 03:51:35 | run_099 | accuracy=0.1143
2026-09-03 03:52:05 | run_099 | accuracy=0.1165
2026-09-03 03:52:35 | run_099 | accuracy=0.1132
2026-09-03 03:53:05 | run_099 | accuracy=0.1176
2026-09-03 03:53:35 | run_099 | accuracy=0.1187
2026-09-03 03:54:06 | run_099 | accuracy=0.1132
2026-09-03 03:54:36 | run_099 | accuracy=0.1132
2026-09-03 03:55:06 | run_099 | accuracy=0.1143
2026-09-03 03:55:36 | run_099 | accuracy=0.1121
2026-09-03 03:56:06 | run_099 | accuracy=0.1110
2026-09-03 03:56:36 | run_099 | accuracy=0.1176
2026-09-03 03:57:06 | run_099 | accuracy=0.1099
2026-09-03 03:57:36 | run_099 | accuracy=0.1132
2026-09-03 03:58:06 | run_099 | accuracy=0.1176
2026-09-03 03:58:36 | run_099 | accuracy=0.1143
2026-09-03 03:59:06 | run_099 | accuracy=0.1176
2026-09-03 03:59:36 | run_099 | accuracy=0.1066
2026-09-03 04:00:06 | run_099 | accuracy=0.1154
2026-09-03 04:00:36 | run_099 | accuracy=0.1176
2026-09-03 04:01:07 | run_099 | accuracy=0.1198
2026-09-03 04:01:37 | run_099 | accuracy=0.1176
2026-09-03 04:02:07 | run_099 | accuracy=0.1088
2026-09-03 04:02:37 | run_099 | accuracy=0.1176
2026-09-03 04:03:07 | run_099 | accuracy=0.1132
2026-09-03 04:03:37 | run_099 | accuracy=0.1154
2026-09-03 04:04:07 | run_099 | accuracy=0.1187
2026-09-03 04:04:37 | run_099 | accuracy=0.1231
2026-09-03 04:05:07 | run_099 | accuracy=0.1154
2026-09-03 04:05:37 | run_099 | accuracy=0.1198
2026-09-03 04:06:07 | run_099 | accuracy=0.1143
2026-09-03 04:06:37 | run_099 | accuracy=0.1121
2026-09-03 04:07:07 | run_099 | accuracy=0.1187
2026-09-03 04:07:37 | run_099 | accuracy=0.1143
2026-09-03 04:08:07 | run_099 | accuracy=0.1099
2026-09-03 04:08:37 | run_099 | accuracy=0.1110
2026-09-03 04:09:07 | run_099 | accuracy=0.1154
2026-09-03 04:09:38 | run_099 | accuracy=0.1077
2026-09-03 04:10:08 | run_099 | accuracy=0.1176
2026-09-03 04:10:38 | run_099 | accuracy=0.1209
2026-09-03 04:11:08 | run_099 | accuracy=0.1176
2026-09-03 04:11:38 | run_099 | accuracy=0.1198
2026-09-03 04:12:08 | run_099 | accuracy=0.1209
2026-09-03 04:12:38 | run_099 | accuracy=0.1132
2026-09-03 04:13:08 | run_099 | accuracy=0.1099
2026-09-03 04:13:38 | run_099 | accuracy=0.1165
2026-09-03 04:14:08 | run_099 | accuracy=0.1110
2026-09-03 04:14:38 | run_099 | accuracy=0.1176
2026-09-03 04:15:08 | run_099 | accuracy=0.1077
2026-09-03 04:15:38 | run_099 | accuracy=0.1132
2026-09-03 04:16:08 | run_099 | accuracy=0.1187
2026-09-03 04:16:38 | run_099 | accuracy=0.1165
2026-09-03 04:17:08 | run_099 | accuracy=0.1187
2026-09-03 04:17:38 | run_099 | accuracy=0.1275
2026-09-03 04:18:08 | run_099 | accuracy=0.1165
2026-09-03 04:18:38 | run_099 | accuracy=0.1121
2026-09-03 04:19:09 | run_099 | accuracy=0.1044
2026-09-03 04:19:39 | run_099 | accuracy=0.1231
2026-09-03 04:20:09 | run_099 | accuracy=0.1176
2026-09-03 04:20:39 | run_099 | accuracy=0.1132
2026-09-03 04:21:09 | run_099 | accuracy=0.1165
2026-09-03 04:21:39 | run_099 | accuracy=0.1154
2026-09-03 04:22:09 | run_099 | accuracy=0.1121
2026-09-03 04:22:39 | run_099 | accuracy=0.1132
2026-09-03 04:23:09 | run_099 | accuracy=0.1165
2026-09-03 04:23:39 | run_099 | accuracy=0.1143
2026-09-03 04:24:09 | run_099 | accuracy=0.1110
2026-09-03 04:24:39 | run_099 | accuracy=0.1165
2026-09-03 04:25:09 | run_099 | accuracy=0.1154
2026-09-03 04:25:39 | run_099 | accuracy=0.1088
2026-09-03 04:26:09 | run_099 | accuracy=0.1154
2026-09-03 04:26:39 | run_099 | accuracy=0.1187
2026-09-03 04:27:09 | run_099 | accuracy=0.1132
2026-09-03 04:27:39 | run_099 | accuracy=0.1132
2026-09-03 04:28:09 | run_099 | accuracy=0.1132
2026-09-03 04:28:40 | run_099 | accuracy=0.1165
2026-09-03 04:29:10 | run_099 | accuracy=0.1209
2026-09-03 04:29:40 | run_099 | accuracy=0.1154
2026-09-03 04:30:10 | run_099 | accuracy=0.1154
2026-09-03 04:30:40 | run_099 | accuracy=0.1110
2026-09-03 04:31:10 | run_099 | accuracy=0.1198
2026-09-03 04:31:40 | run_099 | accuracy=0.1132
2026-09-03 04:32:10 | run_099 | accuracy=0.1099
2026-09-03 04:32:40 | run_099 | accuracy=0.1099
2026-09-03 04:33:10 | run_099 | accuracy=0.1099
2026-09-03 04:33:40 | run_099 | accuracy=0.1143
2026-09-03 04:34:10 | run_099 | accuracy=0.1154
2026-09-03 04:34:40 | run_099 | accuracy=0.1165
2026-09-03 04:35:10 | run_099 | accuracy=0.1198
2026-09-03 04:35:40 | run_099 | accuracy=0.1231
2026-09-03 04:36:10 | run_099 | accuracy=0.1121
2026-09-03 04:36:40 | run_099 | accuracy=0.1176
2026-09-03 04:37:10 | run_099 | accuracy=0.1110
2026-09-03 04:37:41 | run_099 | accuracy=0.1242
2026-09-03 04:38:11 | run_099 | accuracy=0.1132
2026-09-03 04:38:41 | run_099 | accuracy=0.1176
2026-09-03 04:39:11 | run_099 | accuracy=0.1198
2026-09-03 04:39:41 | run_099 | accuracy=0.1132
2026-09-03 04:40:11 | run_099 | accuracy=0.1121
2026-09-03 04:40:41 | run_099 | accuracy=0.1143
2026-09-03 04:41:11 | run_099 | accuracy=0.1176
2026-09-03 04:41:41 | run_099 | accuracy=0.1132
2026-09-03 04:42:11 | run_099 | accuracy=0.1121
2026-09-03 04:42:41 | run_099 | accuracy=0.1209
2026-09-03 04:43:11 | run_099 | accuracy=0.1176
2026-09-03 04:43:41 | run_099 | accuracy=0.1176
2026-09-03 04:44:11 | run_099 | accuracy=0.1154
2026-09-03 04:44:41 | run_099 | accuracy=0.1220
2026-09-03 04:45:11 | run_099 | accuracy=0.1198
2026-09-03 04:45:41 | run_099 | accuracy=0.1165
2026-09-03 04:46:12 | run_100 | accuracy=0.0045
2026-09-03 04:46:42 | run_100 | accuracy=0.0114
2026-09-03 04:47:12 | run_100 | accuracy=0.0102
2026-09-03 04:47:42 | run_100 | accuracy=0.0057
2026-09-03 04:48:12 | run_100 | accuracy=0.1600
2026-09-03 04:48:42 | run_100 | accuracy=0.8547
Threshold reached: 0.8547 > 0.5
Stopped current run PID 750137; continuing to next run
Monitoring continues for the next run...
2026-09-03 04:49:12 | run_101 | accuracy=0.0123
2026-09-03 04:49:42 | run_101 | accuracy=0.0101
2026-09-03 04:50:12 | run_101 | accuracy=0.0090
2026-09-03 04:50:42 | run_101 | accuracy=0.0101
2026-09-03 04:51:12 | run_101 | accuracy=0.0011
2026-09-03 04:51:42 | run_101 | accuracy=0.0056
2026-09-03 04:52:12 | run_101 | accuracy=0.0067
2026-09-03 04:52:42 | run_101 | accuracy=0.0022
2026-09-03 04:53:12 | run_101 | accuracy=0.0045
2026-09-03 04:53:42 | run_101 | accuracy=0.0056
2026-09-03 04:54:12 | run_101 | accuracy=0.0101
2026-09-03 04:54:42 | run_101 | accuracy=0.9944
Threshold reached: 0.9944 > 0.5
Stopped current run PID 750410; continuing to next run
Monitoring continues for the next run...
2026-09-03 04:55:12 | run_102 | accuracy=0.0093
2026-09-03 04:55:42 | run_102 | accuracy=0.0081
2026-09-03 04:56:12 | run_102 | accuracy=1.0000
Threshold reached: 1.0000 > 0.5
Stopped current run PID 750778; continuing to next run
Monitoring continues for the next run...
2026-09-03 04:56:43 | run_103 | accuracy=0.0119
2026-09-03 04:57:13 | run_103 | accuracy=0.0084
2026-09-03 04:57:43 | run_103 | accuracy=0.0072
2026-09-03 04:58:13 | run_103 | accuracy=0.0072
2026-09-03 04:58:43 | run_103 | accuracy=0.0084
2026-09-03 04:59:13 | run_103 | accuracy=0.0131
2026-09-03 04:59:43 | run_103 | accuracy=0.6906
Threshold reached: 0.6906 > 0.5
Stopped current run PID 751003; continuing to next run
Monitoring continues for the next run...
2026-09-03 05:00:13 | run_104 | accuracy=0.0012
2026-09-03 05:00:43 | run_104 | accuracy=0.0024
2026-09-03 05:01:13 | run_104 | accuracy=0.0071
2026-09-03 05:01:43 | run_104 | accuracy=0.0024
2026-09-03 05:02:13 | run_104 | accuracy=0.0036
2026-09-03 05:02:43 | run_104 | accuracy=0.0095
2026-09-03 05:03:13 | run_104 | accuracy=0.0036
2026-09-03 05:03:43 | run_104 | accuracy=0.0524
2026-09-03 05:04:13 | run_104 | accuracy=0.0905
2026-09-03 05:04:43 | run_104 | accuracy=0.0845
2026-09-03 05:05:13 | run_104 | accuracy=0.0893
2026-09-03 05:05:43 | run_104 | accuracy=0.0881
2026-09-03 05:06:13 | run_104 | accuracy=0.0929
2026-09-03 05:06:44 | run_104 | accuracy=0.0833
2026-09-03 05:07:14 | run_104 | accuracy=0.0976
2026-09-03 05:07:44 | run_104 | accuracy=0.0845
2026-09-03 05:08:14 | run_104 | accuracy=0.0964
2026-09-03 05:08:44 | run_104 | accuracy=0.0893
2026-09-03 05:09:14 | run_104 | accuracy=0.0905
2026-09-03 05:09:44 | run_104 | accuracy=0.0893
2026-09-03 05:10:14 | run_104 | accuracy=0.0940
2026-09-03 05:10:44 | run_104 | accuracy=0.0917
2026-09-03 05:11:14 | run_104 | accuracy=0.0952
2026-09-03 05:11:44 | run_104 | accuracy=0.1024
2026-09-03 05:12:14 | run_104 | accuracy=0.0964
2026-09-03 05:12:44 | run_104 | accuracy=0.0833
2026-09-03 05:13:14 | run_104 | accuracy=0.0929
2026-09-03 05:13:44 | run_104 | accuracy=0.0833
2026-09-03 05:14:14 | run_104 | accuracy=0.0857
2026-09-03 05:14:44 | run_104 | accuracy=0.0929
2026-09-03 05:15:14 | run_104 | accuracy=0.0905
2026-09-03 05:15:44 | run_104 | accuracy=0.0952
2026-09-03 05:16:14 | run_104 | accuracy=0.0952
2026-09-03 05:16:44 | run_104 | accuracy=0.0893
2026-09-03 05:17:15 | run_104 | accuracy=0.0940
2026-09-03 05:17:45 | run_104 | accuracy=0.0917
2026-09-03 05:18:15 | run_104 | accuracy=0.0929
2026-09-03 05:18:45 | run_104 | accuracy=0.1024
2026-09-03 05:19:15 | run_104 | accuracy=0.0952
2026-09-03 05:19:45 | run_104 | accuracy=0.0940
2026-09-03 05:20:15 | run_104 | accuracy=0.0881
2026-09-03 05:20:45 | run_104 | accuracy=0.0964
2026-09-03 05:21:15 | run_104 | accuracy=0.1012
2026-09-03 05:21:45 | run_104 | accuracy=0.0905
2026-09-03 05:22:15 | run_104 | accuracy=0.0893
2026-09-03 05:22:45 | run_104 | accuracy=0.0857
2026-09-03 05:23:15 | run_104 | accuracy=0.0869
2026-09-03 05:23:45 | run_104 | accuracy=0.1036
2026-09-03 05:24:15 | run_104 | accuracy=0.0881
2026-09-03 05:24:45 | run_104 | accuracy=0.0940
2026-09-03 05:25:15 | run_104 | accuracy=0.0917
2026-09-03 05:25:45 | run_104 | accuracy=0.0881
2026-09-03 05:26:15 | run_104 | accuracy=0.0952
2026-09-03 05:26:45 | run_104 | accuracy=0.0929
2026-09-03 05:27:16 | run_104 | accuracy=0.0976
2026-09-03 05:27:46 | run_104 | accuracy=0.0964
2026-09-03 05:28:16 | run_104 | accuracy=0.0893
2026-09-03 05:28:46 | run_104 | accuracy=0.1036
2026-09-03 05:29:16 | run_104 | accuracy=0.0929
2026-09-03 05:29:46 | run_104 | accuracy=0.0857
2026-09-03 05:30:16 | run_104 | accuracy=0.0964
2026-09-03 05:30:46 | run_104 | accuracy=0.0964
2026-09-03 05:31:16 | run_104 | accuracy=0.0929
2026-09-03 05:31:46 | run_104 | accuracy=0.1012
2026-09-03 05:32:16 | run_104 | accuracy=0.0881
2026-09-03 05:32:46 | run_104 | accuracy=0.0881
2026-09-03 05:33:16 | run_104 | accuracy=0.0917
2026-09-03 05:33:46 | run_104 | accuracy=0.0940
2026-09-03 05:34:16 | run_104 | accuracy=0.0857
2026-09-03 05:34:46 | run_104 | accuracy=0.0893
2026-09-03 05:35:16 | run_104 | accuracy=0.1024
2026-09-03 05:35:46 | run_104 | accuracy=0.0940
2026-09-03 05:36:16 | run_104 | accuracy=0.0964
2026-09-03 05:36:46 | run_104 | accuracy=0.0881
2026-09-03 05:37:16 | run_104 | accuracy=0.0917
2026-09-03 05:37:46 | run_104 | accuracy=0.1012
2026-09-03 05:38:17 | run_104 | accuracy=0.0952
2026-09-03 05:38:47 | run_104 | accuracy=0.0905
2026-09-03 05:39:17 | run_104 | accuracy=0.0940
2026-09-03 05:39:47 | run_104 | accuracy=0.0869
2026-09-03 05:40:17 | run_104 | accuracy=0.0917
2026-09-03 05:40:47 | run_104 | accuracy=0.0940
2026-09-03 05:41:17 | run_104 | accuracy=0.0929
2026-09-03 05:41:47 | run_104 | accuracy=0.0976
2026-09-03 05:42:17 | run_104 | accuracy=0.0952
2026-09-03 05:42:47 | run_104 | accuracy=0.0988
2026-09-03 05:43:17 | run_104 | accuracy=0.0976
2026-09-03 05:43:47 | run_104 | accuracy=0.0940
2026-09-03 05:44:17 | run_104 | accuracy=0.0893
2026-09-03 05:44:47 | run_104 | accuracy=0.0940
2026-09-03 05:45:17 | run_104 | accuracy=0.0952
2026-09-03 05:45:47 | run_104 | accuracy=0.1012
2026-09-03 05:46:17 | run_104 | accuracy=0.0940
2026-09-03 05:46:47 | run_104 | accuracy=0.0893
2026-09-03 05:47:17 | run_104 | accuracy=0.0940
2026-09-03 05:47:47 | run_104 | accuracy=0.0881
2026-09-03 05:48:17 | run_104 | accuracy=0.0929
2026-09-03 05:48:47 | run_104 | accuracy=0.1012
2026-09-03 05:49:17 | run_104 | accuracy=0.0976
2026-09-03 05:49:47 | run_104 | accuracy=0.1012
2026-09-03 05:50:18 | run_104 | accuracy=0.0905
2026-09-03 05:50:48 | run_104 | accuracy=0.0917
2026-09-03 05:51:18 | run_104 | accuracy=0.0893
2026-09-03 05:51:48 | run_104 | accuracy=0.0917
2026-09-03 05:52:18 | run_104 | accuracy=0.0988
2026-09-03 05:52:48 | run_104 | accuracy=0.0964
2026-09-03 05:53:18 | run_104 | accuracy=0.0940
2026-09-03 05:53:48 | run_104 | accuracy=0.0940
2026-09-03 05:54:18 | run_104 | accuracy=0.0988
2026-09-03 05:54:48 | run_104 | accuracy=0.0952
2026-09-03 05:55:18 | run_104 | accuracy=0.0988
2026-09-03 05:55:48 | run_104 | accuracy=0.0893
2026-09-03 05:56:18 | run_104 | accuracy=0.0976
2026-09-03 05:56:48 | run_104 | accuracy=0.0881
2026-09-03 05:57:18 | run_104 | accuracy=0.0929
2026-09-03 05:57:48 | run_104 | accuracy=0.0976
2026-09-03 05:58:18 | run_104 | accuracy=0.0940
2026-09-03 05:58:48 | run_104 | accuracy=0.0881
2026-09-03 05:59:18 | run_104 | accuracy=0.0964
2026-09-03 05:59:48 | run_104 | accuracy=0.0940
2026-09-03 06:00:18 | run_104 | accuracy=0.0905
2026-09-03 06:00:48 | run_104 | accuracy=0.0905
2026-09-03 06:01:19 | run_104 | accuracy=0.0964
2026-09-03 06:01:49 | run_104 | accuracy=0.0940
2026-09-03 06:02:19 | run_104 | accuracy=0.0988
2026-09-03 06:02:49 | run_104 | accuracy=0.0929
2026-09-03 06:03:19 | run_104 | accuracy=0.0929
2026-09-03 06:03:49 | run_104 | accuracy=0.0881
2026-09-03 06:04:19 | run_104 | accuracy=0.0917
2026-09-03 06:04:49 | run_104 | accuracy=0.0940
2026-09-03 06:05:19 | run_104 | accuracy=0.0976
2026-09-03 06:05:49 | run_104 | accuracy=0.0976
2026-09-03 06:06:19 | run_104 | accuracy=0.0929
2026-09-03 06:06:49 | run_104 | accuracy=0.0976
2026-09-03 06:07:19 | run_104 | accuracy=0.0976
2026-09-03 06:07:49 | run_104 | accuracy=0.0905
2026-09-03 06:08:19 | run_104 | accuracy=0.0964
2026-09-03 06:08:49 | run_104 | accuracy=0.0940
2026-09-03 06:09:19 | run_104 | accuracy=0.0988
2026-09-03 06:09:49 | run_104 | accuracy=0.0964
2026-09-03 06:10:19 | run_104 | accuracy=0.0952
2026-09-03 06:10:49 | run_104 | accuracy=0.0857
2026-09-03 06:11:19 | run_104 | accuracy=0.0964
2026-09-03 06:11:50 | run_104 | accuracy=0.0940
2026-09-03 06:12:20 | run_104 | accuracy=0.0929
2026-09-03 06:12:50 | run_104 | accuracy=0.0964
2026-09-03 06:13:20 | run_104 | accuracy=0.0940
2026-09-03 06:13:50 | run_104 | accuracy=0.0929
2026-09-03 06:14:20 | run_104 | accuracy=0.0917
2026-09-03 06:14:50 | run_104 | accuracy=0.0988
2026-09-03 06:15:20 | run_104 | accuracy=0.0929
2026-09-03 06:15:50 | run_104 | accuracy=0.0964
2026-09-03 06:16:20 | run_104 | accuracy=0.0988
2026-09-03 06:16:50 | run_104 | accuracy=0.0917
2026-09-03 06:17:20 | run_104 | accuracy=0.0952
2026-09-03 06:17:50 | run_104 | accuracy=0.0940
2026-09-03 06:18:20 | run_104 | accuracy=0.0940
2026-09-03 06:18:50 | run_104 | accuracy=0.0929
2026-09-03 06:19:20 | run_104 | accuracy=0.0952
2026-09-03 06:19:50 | run_104 | accuracy=0.0845
2026-09-03 06:20:20 | run_104 | accuracy=0.0952
2026-09-03 06:20:50 | run_104 | accuracy=0.0929
2026-09-03 06:21:20 | run_104 | accuracy=0.0964
2026-09-03 06:21:50 | run_104 | accuracy=0.0976
2026-09-03 06:22:21 | run_104 | accuracy=0.1012
2026-09-03 06:22:51 | run_104 | accuracy=0.0976
2026-09-03 06:23:21 | run_104 | accuracy=0.0952
2026-09-03 06:23:51 | run_104 | accuracy=0.0917
2026-09-03 06:24:21 | run_104 | accuracy=0.0940
2026-09-03 06:24:51 | run_104 | accuracy=0.1012
2026-09-03 06:25:21 | run_104 | accuracy=0.0976
2026-09-03 06:25:51 | run_104 | accuracy=0.0940
2026-09-03 06:26:21 | run_104 | accuracy=0.0964
2026-09-03 06:26:51 | run_104 | accuracy=0.0929
2026-09-03 06:27:21 | run_105 | accuracy=0.0101
2026-09-03 06:27:51 | run_105 | accuracy=0.0034
2026-09-03 06:28:21 | run_105 | accuracy=0.7441
Threshold reached: 0.7441 > 0.5
Stopped current run PID 755271; continuing to next run
Monitoring continues for the next run...
2026-09-03 06:28:51 | run_106 | accuracy=0.0087
2026-09-03 06:29:21 | run_106 | accuracy=0.0109
2026-09-03 06:29:51 | run_106 | accuracy=0.0153
2026-09-03 06:30:21 | run_106 | accuracy=0.0185
2026-09-03 06:30:51 | run_106 | accuracy=0.9978
Threshold reached: 0.9978 > 0.5
Stopped current run PID 755513; continuing to next run
Monitoring continues for the next run...
2026-09-03 06:31:22 | run_107 | accuracy=0.0048
2026-09-03 06:31:52 | run_107 | accuracy=0.0061
2026-09-03 06:32:22 | run_107 | accuracy=0.0048
2026-09-03 06:32:52 | run_107 | accuracy=0.0048
2026-09-03 06:33:22 | run_107 | accuracy=0.0073
2026-09-03 06:33:52 | run_107 | accuracy=0.0048
2026-09-03 06:34:22 | run_107 | accuracy=0.0048
2026-09-03 06:34:52 | run_107 | accuracy=0.0097
2026-09-03 06:35:22 | run_107 | accuracy=0.0024
2026-09-03 06:35:52 | run_107 | accuracy=0.0048
2026-09-03 06:36:22 | run_107 | accuracy=0.0061
2026-09-03 06:36:52 | run_107 | accuracy=0.0048
2026-09-03 06:37:22 | run_107 | accuracy=0.0061
2026-09-03 06:37:52 | run_107 | accuracy=0.0048
2026-09-03 06:38:22 | run_107 | accuracy=0.0036
2026-09-03 06:38:52 | run_107 | accuracy=0.0036
2026-09-03 06:39:22 | run_107 | accuracy=0.0109
2026-09-03 06:39:52 | run_107 | accuracy=0.0024
2026-09-03 06:40:23 | run_107 | accuracy=0.0061
2026-09-03 06:40:53 | run_107 | accuracy=0.0061
2026-09-03 06:41:23 | run_107 | accuracy=0.0085
2026-09-03 06:41:53 | run_107 | accuracy=0.0097
2026-09-03 06:42:23 | run_107 | accuracy=0.0073
2026-09-03 06:42:53 | run_107 | accuracy=0.0121
2026-09-03 06:43:23 | run_107 | accuracy=1.0000
Threshold reached: 1.0000 > 0.5
Stopped current run PID 755770; continuing to next run
Monitoring continues for the next run...
2026-09-03 06:43:53 | run_108 | accuracy=0.0059
2026-09-03 06:44:23 | run_108 | accuracy=0.0083
2026-09-03 06:44:53 | run_108 | accuracy=0.0107
2026-09-03 06:45:23 | run_108 | accuracy=0.0047
2026-09-03 06:45:53 | run_108 | accuracy=0.0095
2026-09-03 06:46:23 | run_108 | accuracy=0.9976
Threshold reached: 0.9976 > 0.5
Stopped current run PID 756346; continuing to next run
Monitoring continues for the next run...
2026-09-03 06:46:53 | run_109 | accuracy=0.0060
2026-09-03 06:47:23 | run_109 | accuracy=0.0084
2026-09-03 06:47:53 | run_109 | accuracy=0.0024
2026-09-03 06:48:23 | run_109 | accuracy=0.0311
2026-09-03 06:48:53 | run_109 | accuracy=0.1198
2026-09-03 06:49:24 | run_109 | accuracy=0.1198
2026-09-03 06:49:54 | run_109 | accuracy=0.1246
2026-09-03 06:50:24 | run_109 | accuracy=0.1293
2026-09-03 06:50:54 | run_109 | accuracy=0.1234
2026-09-03 06:51:24 | run_109 | accuracy=0.1281
2026-09-03 06:51:54 | run_109 | accuracy=0.1329
2026-09-03 06:52:24 | run_109 | accuracy=0.1317
2026-09-03 06:52:54 | run_109 | accuracy=0.1329
2026-09-03 06:53:24 | run_109 | accuracy=0.1257
2026-09-03 06:53:54 | run_109 | accuracy=0.1186
2026-09-03 06:54:24 | run_109 | accuracy=0.1281
2026-09-03 06:54:54 | run_109 | accuracy=0.1234
2026-09-03 06:55:24 | run_109 | accuracy=0.1246
2026-09-03 06:55:54 | run_109 | accuracy=0.1257
2026-09-03 06:56:24 | run_109 | accuracy=0.1257
2026-09-03 06:56:54 | run_109 | accuracy=0.1222
2026-09-03 06:57:24 | run_109 | accuracy=0.1257
2026-09-03 06:57:54 | run_109 | accuracy=0.1186
2026-09-03 06:58:24 | run_109 | accuracy=0.1293
2026-09-03 06:58:54 | run_109 | accuracy=0.1293
2026-09-03 06:59:24 | run_109 | accuracy=0.1281
2026-09-03 06:59:55 | run_109 | accuracy=0.1210
2026-09-03 07:00:25 | run_109 | accuracy=0.1234
2026-09-03 07:00:55 | run_109 | accuracy=0.1162
2026-09-03 07:01:25 | run_109 | accuracy=0.1162
2026-09-03 07:01:55 | run_109 | accuracy=0.1222
2026-09-03 07:02:25 | run_109 | accuracy=0.1162
2026-09-03 07:02:55 | run_109 | accuracy=0.1234
2026-09-03 07:03:25 | run_109 | accuracy=0.1293
2026-09-03 07:03:55 | run_109 | accuracy=0.1174
2026-09-03 07:04:25 | run_109 | accuracy=0.1234
2026-09-03 07:04:55 | run_109 | accuracy=0.1246
2026-09-03 07:05:25 | run_109 | accuracy=0.1210
2026-09-03 07:05:55 | run_109 | accuracy=0.1317
2026-09-03 07:06:25 | run_109 | accuracy=0.1305
2026-09-03 07:06:55 | run_109 | accuracy=0.1174
2026-09-03 07:07:25 | run_109 | accuracy=0.1210
2026-09-03 07:07:55 | run_109 | accuracy=0.1269
2026-09-03 07:08:25 | run_109 | accuracy=0.1198
2026-09-03 07:08:55 | run_109 | accuracy=0.1198
2026-09-03 07:09:25 | run_109 | accuracy=0.1210
2026-09-03 07:09:55 | run_109 | accuracy=0.1246
2026-09-03 07:10:25 | run_109 | accuracy=0.1293
2026-09-03 07:10:56 | run_109 | accuracy=0.1198
2026-09-03 07:11:26 | run_109 | accuracy=0.1281
2026-09-03 07:11:56 | run_109 | accuracy=0.1246
2026-09-03 07:12:26 | run_109 | accuracy=0.1269
2026-09-03 07:12:56 | run_109 | accuracy=0.1234
2026-09-03 07:13:26 | run_109 | accuracy=0.1257
2026-09-03 07:13:56 | run_109 | accuracy=0.1234
2026-09-03 07:14:26 | run_109 | accuracy=0.1281
2026-09-03 07:14:56 | run_109 | accuracy=0.1281
2026-09-03 07:15:26 | run_109 | accuracy=0.1317
2026-09-03 07:15:56 | run_109 | accuracy=0.1186
2026-09-03 07:16:26 | run_109 | accuracy=0.1257
2026-09-03 07:16:56 | run_109 | accuracy=0.1162
2026-09-03 07:17:26 | run_109 | accuracy=0.1293
2026-09-03 07:17:56 | run_109 | accuracy=0.1234
2026-09-03 07:18:26 | run_109 | accuracy=0.1257
2026-09-03 07:18:56 | run_109 | accuracy=0.1198
2026-09-03 07:19:26 | run_109 | accuracy=0.1222
2026-09-03 07:19:56 | run_109 | accuracy=0.1210
2026-09-03 07:20:26 | run_109 | accuracy=0.1234
2026-09-03 07:20:57 | run_109 | accuracy=0.1269
2026-09-03 07:21:27 | run_109 | accuracy=0.1210
2026-09-03 07:21:57 | run_109 | accuracy=0.1222
2026-09-03 07:22:27 | run_109 | accuracy=0.1222
2026-09-03 07:22:57 | run_109 | accuracy=0.1210
2026-09-03 07:23:27 | run_109 | accuracy=0.1150
2026-09-03 07:23:57 | run_109 | accuracy=0.1186
2026-09-03 07:24:27 | run_109 | accuracy=0.1210
2026-09-03 07:24:57 | run_109 | accuracy=0.1198
2026-09-03 07:25:27 | run_109 | accuracy=0.1222
2026-09-03 07:25:57 | run_109 | accuracy=0.1222
2026-09-03 07:26:27 | run_109 | accuracy=0.1269
2026-09-03 07:26:57 | run_109 | accuracy=0.1186
2026-09-03 07:27:27 | run_109 | accuracy=0.1293
2026-09-03 07:27:57 | run_109 | accuracy=0.1269
2026-09-03 07:28:27 | run_109 | accuracy=0.1186
2026-09-03 07:28:57 | run_109 | accuracy=0.1257
2026-09-03 07:29:27 | run_109 | accuracy=0.1210
2026-09-03 07:29:57 | run_109 | accuracy=0.1293
2026-09-03 07:30:27 | run_109 | accuracy=0.1281
2026-09-03 07:30:57 | run_109 | accuracy=0.1174
2026-09-03 07:31:28 | run_109 | accuracy=0.1162
2026-09-03 07:31:58 | run_109 | accuracy=0.1293
2026-09-03 07:32:28 | run_109 | accuracy=0.1234
2026-09-03 07:32:58 | run_109 | accuracy=0.1222
2026-09-03 07:33:28 | run_109 | accuracy=0.1281
2026-09-03 07:33:58 | run_109 | accuracy=0.1234
2026-09-03 07:34:28 | run_109 | accuracy=0.1186
2026-09-03 07:34:58 | run_109 | accuracy=0.1222
2026-09-03 07:35:28 | run_109 | accuracy=0.1210
2026-09-03 07:35:58 | run_109 | accuracy=0.1234
2026-09-03 07:36:28 | run_109 | accuracy=0.1102
2026-09-03 07:36:58 | run_109 | accuracy=0.1198
2026-09-03 07:37:28 | run_109 | accuracy=0.1293
2026-09-03 07:37:58 | run_109 | accuracy=0.1186
2026-09-03 07:38:28 | run_109 | accuracy=0.1210
2026-09-03 07:38:58 | run_109 | accuracy=0.1305
2026-09-03 07:39:28 | run_109 | accuracy=0.1269
2026-09-03 07:39:58 | run_109 | accuracy=0.1281
2026-09-03 07:40:28 | run_109 | accuracy=0.1246
2026-09-03 07:40:58 | run_109 | accuracy=0.1234
2026-09-03 07:41:28 | run_109 | accuracy=0.1174
2026-09-03 07:41:59 | run_109 | accuracy=0.1162
2026-09-03 07:42:29 | run_109 | accuracy=0.1257
2026-09-03 07:42:59 | run_109 | accuracy=0.1317
2026-09-03 07:43:29 | run_109 | accuracy=0.1210
2026-09-03 07:43:59 | run_109 | accuracy=0.1329
2026-09-03 07:44:29 | run_109 | accuracy=0.1222
2026-09-03 07:44:59 | run_109 | accuracy=0.1222
2026-09-03 07:45:29 | run_109 | accuracy=0.1305
2026-09-03 07:45:59 | run_109 | accuracy=0.1162
2026-09-03 07:46:29 | run_109 | accuracy=0.1305
2026-09-03 07:46:59 | run_109 | accuracy=0.1246
2026-09-03 07:47:29 | run_109 | accuracy=0.1162
2026-09-03 07:47:59 | run_109 | accuracy=0.1198
2026-09-03 07:48:29 | run_109 | accuracy=0.1234
2026-09-03 07:48:59 | run_109 | accuracy=0.1246
2026-09-03 07:49:29 | run_109 | accuracy=0.1222
2026-09-03 07:49:59 | run_109 | accuracy=0.1246
2026-09-03 07:50:29 | run_109 | accuracy=0.1234
2026-09-03 07:50:59 | run_109 | accuracy=0.1246
2026-09-03 07:51:29 | run_109 | accuracy=0.1246
2026-09-03 07:51:59 | run_109 | accuracy=0.1293
2026-09-03 07:52:29 | run_109 | accuracy=0.1269
2026-09-03 07:53:00 | run_109 | accuracy=0.1186
2026-09-03 07:53:30 | run_109 | accuracy=0.1198
2026-09-03 07:54:00 | run_109 | accuracy=0.1174
2026-09-03 07:54:30 | run_110 | accuracy=0.0160
2026-09-03 07:55:00 | run_110 | accuracy=0.0126
2026-09-03 07:55:30 | run_110 | accuracy=0.0115
2026-09-03 07:56:00 | run_110 | accuracy=0.0080
2026-09-03 07:56:30 | run_110 | accuracy=0.0137
2026-09-03 07:57:00 | run_110 | accuracy=0.8076
Threshold reached: 0.8076 > 0.5
Stopped current run PID 762284; continuing to next run
Monitoring continues for the next run...
2026-09-03 07:57:30 | run_111 | accuracy=0.0044
2026-09-03 07:58:00 | run_111 | accuracy=0.0055
2026-09-03 07:58:30 | run_111 | accuracy=0.9967
Threshold reached: 0.9967 > 0.5
Stopped current run PID 762735; continuing to next run
Monitoring continues for the next run...
2026-09-03 07:59:00 | run_112 | accuracy=0.0078
2026-09-03 07:59:30 | run_112 | accuracy=0.0067
2026-09-03 08:00:00 | run_112 | accuracy=0.0045
2026-09-03 08:00:30 | run_112 | accuracy=0.0223
2026-09-03 08:01:00 | run_112 | accuracy=1.0000
Threshold reached: 1.0000 > 0.5
Stopped current run PID 762994; continuing to next run
Monitoring continues for the next run...
2026-09-03 08:01:30 | run_113 | accuracy=0.0012
2026-09-03 08:02:00 | run_113 | accuracy=0.0106
2026-09-03 08:02:31 | run_113 | accuracy=0.0059
2026-09-03 08:03:01 | run_113 | accuracy=0.0059
2026-09-03 08:03:31 | run_113 | accuracy=0.0318
2026-09-03 08:04:01 | run_113 | accuracy=1.0000
Threshold reached: 1.0000 > 0.5
Stopped current run PID 763320; continuing to next run
Monitoring continues for the next run...
2026-09-03 08:04:31 | run_114 | accuracy=0.0096
2026-09-03 08:05:01 | run_114 | accuracy=0.0156
2026-09-03 08:05:31 | run_115 | accuracy=0.0094
2026-09-03 08:06:01 | run_115 | accuracy=0.0059
2026-09-03 08:06:31 | run_115 | accuracy=0.0153
2026-09-03 08:07:01 | run_115 | accuracy=0.0118
2026-09-03 08:07:31 | run_115 | accuracy=0.0141
2026-09-03 08:08:01 | run_115 | accuracy=0.0094
2026-09-03 08:08:31 | run_115 | accuracy=0.0059
2026-09-03 08:09:01 | run_115 | accuracy=0.0118
2026-09-03 08:09:31 | run_115 | accuracy=0.0129
2026-09-03 08:10:01 | run_115 | accuracy=0.0094
2026-09-03 08:10:31 | run_115 | accuracy=0.0118
2026-09-03 08:11:01 | run_115 | accuracy=0.0118
2026-09-03 08:11:31 | run_115 | accuracy=0.0200
2026-09-03 08:12:01 | run_115 | accuracy=0.8165
Threshold reached: 0.8165 > 0.5
Stopped current run PID 764030; continuing to next run
Monitoring continues for the next run...
2026-09-03 08:12:31 | run_116 | accuracy=0.0068
2026-09-03 08:13:01 | run_116 | accuracy=0.0034
2026-09-03 08:13:32 | run_116 | accuracy=0.0023
2026-09-03 08:14:02 | run_116 | accuracy=0.9852
Threshold reached: 0.9852 > 0.5
Stopped current run PID 766506; continuing to next run
Monitoring continues for the next run...
2026-09-03 08:14:32 | run_117 | accuracy=0.0066
2026-09-03 08:15:02 | run_117 | accuracy=0.0154
2026-09-03 08:15:32 | run_117 | accuracy=1.0000
Threshold reached: 1.0000 > 0.5
Stopped current run PID 766854; continuing to next run
Monitoring continues for the next run...
2026-09-03 08:16:02 | run_118 | accuracy=0.0115
2026-09-03 08:16:32 | run_118 | accuracy=0.0064
2026-09-03 08:17:02 | run_118 | accuracy=0.0051
2026-09-03 08:17:32 | run_118 | accuracy=1.0000
Threshold reached: 1.0000 > 0.5
Stopped current run PID 767447; continuing to next run
Monitoring continues for the next run...
2026-09-03 08:18:02 | run_118 | accuracy=1.0000
Threshold reached: 1.0000 > 0.5
No active launcher process found for the current run.
Monitoring continues for the next run...
2026-09-03 08:18:32 | run_118 | accuracy=1.0000
Threshold reached: 1.0000 > 0.5
No active launcher process found for the current run.
Monitoring continues for the next run...
2026-09-03 08:19:02 | run_118 | accuracy=1.0000
Threshold reached: 1.0000 > 0.5
No active launcher process found for the current run.
Monitoring continues for the next run...
2026-09-03 08:19:32 | run_118 | accuracy=1.0000
Threshold reached: 1.0000 > 0.5
No active launcher process found for the current run.
Monitoring continues for the next run...
2026-09-03 08:20:02 | run_118 | accuracy=1.0000
Threshold reached: 1.0000 > 0.5
No active launcher process found for the current run.
Monitoring continues for the next run...
2026-09-03 08:20:33 | run_118 | accuracy=1.0000
Threshold reached: 1.0000 > 0.5
No active launcher process found for the current run.
Monitoring continues for the next run...
2026-09-03 08:21:03 | run_118 | accuracy=1.0000
Threshold reached: 1.0000 > 0.5
No active launcher process found for the current run.
Monitoring continues for the next run...
2026-09-03 08:21:33 | run_118 | accuracy=1.0000
Threshold reached: 1.0000 > 0.5
No active launcher process found for the current run.
Monitoring continues for the next run...
2026-09-03 08:22:03 | run_118 | accuracy=1.0000
Threshold reached: 1.0000 > 0.5
No active launcher process found for the current run.
Monitoring continues for the next run...
2026-09-03 08:22:33 | run_118 | accuracy=1.0000
Threshold reached: 1.0000 > 0.5
No active launcher process found for the current run.
Monitoring continues for the next run...
2026-09-03 08:23:03 | run_118 | accuracy=1.0000
Threshold reached: 1.0000 > 0.5
No active launcher process found for the current run.
Monitoring continues for the next run...
2026-09-03 08:23:33 | run_118 | accuracy=1.0000
Threshold reached: 1.0000 > 0.5
No active launcher process found for the current run.
Monitoring continues for the next run...
2026-09-03 08:24:03 | run_118 | accuracy=1.0000
Threshold reached: 1.0000 > 0.5
No active launcher process found for the current run.
Monitoring continues for the next run...
